// Vitest Snapshot v1, https://vitest.dev/guide/snapshot.html

exports[`labelListRuntime -- no filter > Test 1: no --team -> client.issueLabels({ first: 25 }) (no filter) > list-success-no-filter 1`] = `
{
  "$apiVersion": "1",
  "data": [
    {
      "color": "#ff0000",
      "createdAt": "2026-01-01T00:00:00Z",
      "description": "highest priority",
      "id": "label-uuid-1",
      "name": "p0",
      "parent": {
        "name": null,
      },
      "team": {
        "key": "ENG",
      },
      "updatedAt": "2026-01-01T00:00:00Z",
    },
  ],
  "meta": {
    "command": "label list",
    "pageInfo": {
      "endCursor": null,
      "hasNextPage": false,
      "hasPreviousPage": false,
      "startCursor": null,
    },
    "workspace": "acme",
    "workspaceSource": "flag",
  },
  "ok": true,
}
`;
